; Copyright 2021 Richard Dymond (rjdymond@gmail.com)

[Page:Changelog]
SectionType=BulletPoints

[Changelog:YYYYMMDD]
-

- Replaced the default SkoolKit image writer with C64ImageWriter
- Added trivia entries:
  - #FACT#doppelwacker()
  - #FACT#seatSelection()

[Changelog:20210126]
Initial release.
