; Copyright 2021 Richard Dymond (rjdymond@gmail.com)

[Page:Changelog]
SectionType=BulletPoints

[Changelog:YYYYMMDD]
-

- Replaced the default SkoolKit image writer with C64ImageWriter
- Documented a bug: #BUG#creaksSuperiorVision()
- Added trivia entries:
  - #FACT#angelfacesXrayVision()
  - #FACT#doppelwacker()
  - #FACT#wackersOldShoes()
  - #FACT#seatSelection()

[Changelog:20210126]
Initial release.
